<?xml version="1.0" encoding="UTF-8"?>
<testsuites name="Mocha Tests" time="0.3430000000000002" tests="40" failures="0">
  <testsuite name="Root Suite" timestamp="2019-01-21T09:27:18" tests="0" failures="0" time="0">
  </testsuite>
  <testsuite name="Extract And Replace Script" timestamp="2019-01-21T09:27:18" tests="0" file="/Users/omar/WebstormProjects/replaceStaticTexts/src/tests/parse.test.js" failures="0" time="0">
  </testsuite>
  <testsuite name="Extraction" timestamp="2019-01-21T09:27:18" tests="40" file="/Users/omar/WebstormProjects/replaceStaticTexts/src/tests/parse.test.js" failures="0" time="0.3430000000000002">
    <testcase name="Extract And Replace Script Extraction should read a js file" time="0.004" classname="should read a js file">
    </testcase>
    <testcase name="Extract And Replace Script Extraction should write import statement to the beginning of js file" time="0.116" classname="should write import statement to the beginning of js file">
    </testcase>
    <testcase name="Extract And Replace Script Extraction should clean up the extracted string from all tabs and newlines" time="0" classname="should clean up the extracted string from all tabs and newlines">
    </testcase>
    <testcase name="Extract And Replace Script Extraction should extract a string inside a Text component from a js file inside a render function" time="0.005" classname="should extract a string inside a Text component from a js file inside a render function">
    </testcase>
    <testcase name="Extract And Replace Script Extraction should extract strings inside a js file inside a render function" time="0.003" classname="should extract strings inside a js file inside a render function">
    </testcase>
    <testcase name="Extract And Replace Script Extraction should write to json file with correct key" time="0.001" classname="should write to json file with correct key">
    </testcase>
    <testcase name="Extract And Replace Script Extraction should write to json file with correct key case 2" time="0.001" classname="should write to json file with correct key case 2">
    </testcase>
    <testcase name="Extract And Replace Script Extraction should replace the extracted JSXText strings with generated key" time="0.007" classname="should replace the extracted JSXText strings with generated key">
    </testcase>
    <testcase name="Extract And Replace Script Extraction should replace the extracted ExpressionText strings with generated key" time="0.008" classname="should replace the extracted ExpressionText strings with generated key">
    </testcase>
    <testcase name="Extract And Replace Script Extraction should not throw an exception when a non literal string expression container is met" time="0.013" classname="should not throw an exception when a non literal string expression container is met">
    </testcase>
    <testcase name="Extract And Replace Script Extraction should not throw an exception when an expression with a non string value is met" time="0.013" classname="should not throw an exception when an expression with a non string value is met">
    </testcase>
    <testcase name="Extract And Replace Script Extraction should not throw an exception when there is no strings to extract" time="0.005" classname="should not throw an exception when there is no strings to extract">
    </testcase>
    <testcase name="Extract And Replace Script Extraction should not retrieve text inside a style expression" time="0.007" classname="should not retrieve text inside a style expression">
    </testcase>
    <testcase name="Extract And Replace Script Extraction should retrieve texts inside title prop" time="0.004" classname="should retrieve texts inside title prop">
    </testcase>
    <testcase name="Extract And Replace Script Extraction should retrieve texts inside errMessage prop" time="0.003" classname="should retrieve texts inside errMessage prop">
    </testcase>
    <testcase name="Extract And Replace Script Extraction should retrieve texts inside content prop" time="0.003" classname="should retrieve texts inside content prop">
    </testcase>
    <testcase name="Extract And Replace Script Extraction should retrieve texts inside placeholder/tip/erromessage prop" time="0.005" classname="should retrieve texts inside placeholder/tip/erromessage prop">
    </testcase>
    <testcase name="Extract And Replace Script Extraction should replace texts inside title prop with an expression" time="0.008" classname="should replace texts inside title prop with an expression">
    </testcase>
    <testcase name="Extract And Replace Script Extraction should replace texts inside title prop without an expression" time="0.009" classname="should replace texts inside title prop without an expression">
    </testcase>
    <testcase name="Extract And Replace Script Extraction should replace texts inside an interpolated string" time="0.009" classname="should replace texts inside an interpolated string">
    </testcase>
    <testcase name="Extract And Replace Script Extraction should not throw an exception when faced with an empty expression" time="0.005" classname="should not throw an exception when faced with an empty expression">
    </testcase>
    <testcase name="Extract And Replace Script Extraction should replace texts inside conditional statement" time="0.008" classname="should replace texts inside conditional statement">
    </testcase>
    <testcase name="Extract And Replace Script Extraction should not replace texts inside require statement" time="0.005" classname="should not replace texts inside require statement">
    </testcase>
    <testcase name="Extract And Replace Script Extraction should replace title attribute inside object statement" time="0.008" classname="should replace title attribute inside object statement">
    </testcase>
    <testcase name="Extract And Replace Script Extraction should not replace style values" time="0.005" classname="should not replace style values">
    </testcase>
    <testcase name="Extract And Replace Script Extraction should replace texts inside state assignment statement" time="0.007" classname="should replace texts inside state assignment statement">
    </testcase>
    <testcase name="Extract And Replace Script Extraction should ignore text in dimensions function call " time="0.007" classname="should ignore text in dimensions function call ">
    </testcase>
    <testcase name="Extract And Replace Script Extraction should ignore text in emoji function call " time="0.012" classname="should ignore text in emoji function call ">
    </testcase>
    <testcase name="Extract And Replace Script Extraction should ignore text in flexDirection style call " time="0.006" classname="should ignore text in flexDirection style call ">
    </testcase>
    <testcase name="Extract And Replace Script Extraction should replace text in object declaration in side variable declaration " time="0.008" classname="should replace text in object declaration in side variable declaration ">
    </testcase>
    <testcase name="Extract And Replace Script Extraction should replace text in array declaration in side variable declaration " time="0.005" classname="should replace text in array declaration in side variable declaration ">
    </testcase>
    <testcase name="Extract And Replace Script Extraction should put an evaluation curly bracket on an attributes value if it is inside a greater expression" time="0.007" classname="should put an evaluation curly bracket on an attributes value if it is inside a greater expression">
    </testcase>
    <testcase name="Extract And Replace Script Extraction should not evaluate inside an evaluation expression" time="0.006" classname="should not evaluate inside an evaluation expression">
    </testcase>
    <testcase name="Extract And Replace Script Extraction should retrieve literal text in return statement" time="0.005" classname="should retrieve literal text in return statement">
    </testcase>
    <testcase name="Extract And Replace Script Extraction should retrieve template literal text in return statement" time="0.005" classname="should retrieve template literal text in return statement">
    </testcase>
    <testcase name="Extract And Replace Script Extraction should retrieve text in return statement" time="0.005" classname="should retrieve text in return statement">
    </testcase>
    <testcase name="Extract And Replace Script Extraction should not retrieve text in return statement of calculateKeyboardType" time="0.004" classname="should not retrieve text in return statement of calculateKeyboardType">
    </testcase>
    <testcase name="Extract And Replace Script Extraction should retrieve text without indentation" time="0.003" classname="should retrieve text without indentation">
    </testcase>
    <testcase name="Extract And Replace Script Extraction should not insert an import statement if one already exists" time="0.004" classname="should not insert an import statement if one already exists">
    </testcase>
    <testcase name="Extract And Replace Script Extraction should not extract text inside an I18n function call" time="0.004" classname="should not extract text inside an I18n function call">
    </testcase>
  </testsuite>
</testsuites>